[
    "FirstName",
    "LastName",
    "MarketRiderId",
    "NameShort",
    "Price",
    "Type",
    "Scorito GC",
    "Scorito Climb",
    "Scorito Time trial",
    "Scorito Sprint",
    "Scorito Punch",
    "Scorito Hill",
    "Scorito Cobbles",
    "Team",
    "Races",
    "Omloop Het Nieuwsblad Elite",
    "Kuurne - Bruxelles - Kuurne",
    "Strade Bianche",
    "Milano-Sanremo",
    "Classic Brugge-De Panne",
    "E3 Saxo Classic",
    "Gent-Wevelgem in Flanders Fields",
    "Dwars door Vlaanderen - A travers la Flandre",
    "Ronde van Vlaanderen - Tour des Flandres",
    "Scheldeprijs",
    "Amstel Gold Race",
    "Paris-Roubaix",
    "De Brabantse Pijl - La Fl\u00e8che Braban\u00e7onne",
    "La Fl\u00e8che Wallonne",
    "Li\u00e8ge-Bastogne-Li\u00e8ge",
    "Eschborn-Frankfurt"
]
